compiler build attestation: source=fnv1a64:0ef241c601967e65 compiler_abi=noir-racket-ui-abi-v2 scene_abi=noir-scene-json-v2
WARNING: dzn is not a conformant Vulkan implementation, testing use only.
Dropped Escape call with ulEscapeCode : 0x03007703
compiler ABI contracts: virtual-list=noir-virtual-list-plan-v1@1 row-activation=noir-row-activation-plan-v1@1 scrollbar=noir-scrollbar-plan-v1@1 list-navigation=noir-list-navigation-plan-v1@1 frozen
compiler virtual lists: telemetry-registers capacity=4 viewport=3x28 row-tiles=[0, 1, 2]
compiler state slots: 1 fixed value address(es), lexical ABI
compiler action slots: 1 fixed action address(es), lexical ABI
compiler scrollbar: id=telemetry-scrollbar list=telemetry-registers track=12x84+588,106 thumb-height=18 max-viewport=9997 tiles=[2] worklist=2
compiler list navigation: id=telemetry-navigation list=telemetry-registers scrollbar=telemetry-scrollbar page-step=3 max-viewport=9997 tiles=[2] worklist=2
compiler packet worklists: all-packets#0=[0, 1, 2, 3]; dynamic-packets#1=[3]; no-packets#2=[]
compiler row activation: list=telemetry-registers action=refresh-tick slot=0 batch=coalesced-activate-refresh-registers tile-mask=0x0000000000000001 worklist=2
compiler action tile selection: 1 action mask(s), 1 event transient mask(s), fixed-mask=u64
compiler focus graph: no focusable fields
compiler keyboard map: no editable focus fields
compiler frame coalescing: 2 verified batch(es), 1 event batch pair(s)
compiler text resources: 5 static shaped run(s), 1 dynamic text-run action(s)
compiler glyph placement resources: 52 placement instance(s), 3 page-aware packet(s), ABI=48 bytes
compiler tile glyph culling: 3 scissor tile(s), 4 submitted subrange(s), 6 glyph instance(s)
compiler resident packet worklist table: lists=3 payload_bytes=160 stride_bytes=256 hot_path_uploads=0
compiler resident packet worklist table: lists=3 payload_bytes=160 stride_bytes=256 hot_path_uploads=0
packet-activity-differential: selected=Scalar reference=Scalar packets=4 activity+indirect=equal
compiler subgroup packets: 4 width-32 packet(s), vertex-subgroup-supported=true; packet draw fallback is always ABI-equivalent
compiler packet activity: gpu-driven-indirect=true variant=Scalar adapter-subgroup=true wgsl-subgroup=false fixed activity-word/indirect-command ABI
compiler timestamp query: supported=true
scene-data-update-batch: id=bootstrap-telemetry list=telemetry-registers table=telemetry-data updates=3 source=compiler-artifact
render-request-enqueue data-update-batch-visible-fusion: mask=0x0000000000000000 strategy=None worklist=2
data-update-batch: list=telemetry-registers updates=3 visible=3 arena-only=0 gpu-glyph-writes=27 render-request=true
packet-activity-dispatch worklist=all-packets index=0 packets=[0, 1, 2, 3] workgroups=4 workgroup_size=32 output=activity+indirect
packet-indirect-draw full packet=0 activity_word=0 indirect_offset=0 lanes=13 dynamic=false
packet-indirect-draw full packet=1 activity_word=1 indirect_offset=16 lanes=32 dynamic=false
packet-indirect-draw full packet=1 activity_word=2 indirect_offset=32 lanes=4 dynamic=false
packet-indirect-draw full packet=2 activity_word=3 indirect_offset=48 lanes=3 dynamic=true
noir-winit-host: 16 quad instances, 52 glyph placement(s), 3 packet(s), profile=noir-static-cost-v1
coalesced-batch execute: coalesced-activate-refresh-registers refs=[Transient(2), Action(0)] worklist_slots=[2, 2]
coalesced-batch task-worklist-slot: task=Transient(2) index=2
coalesced-winner transient release-refresh-registers: [660..668)
coalesced-winner transient release-refresh-registers: [676..692)
coalesced-batch task-worklist-slot: task=Action(0) index=2
event-map dispatch: refresh-tick
state-slot write: action=refresh-tick state=tick index=0 op=add value=1
glyph-id-patch tick: [1568..1572), [1600..1604), [1632..1636) (12 bytes)
coalesced-batch composite-worklist: batch=coalesced-activate-refresh-registers slot=2 members=[] packets=[]
render-request-enqueue coalesced-activate-refresh-registers: mask=0x0000000000000003 strategy=None worklist=2
tile-redraw selected-mask=0x0000000000000003
packet-activity-skip worklist=no-packets index=2 packets=[] reason=compiler-empty
tile-submit tile=0
packet-indirect-draw tile=0 packet=2 page=0 activity_word=3 indirect_offset=48 lanes=3 dynamic=true
tile-submit tile=1
benchmark case=coalesced-activate-refresh-registers tiles=2 glyph_draws=1 glyph_instances=3 cpu_submit_ns=12102212 gpu_ns=44520.0
benchmark report: out/amd-780m-wgpu-benchmark.json
