=== Starting session-01 (Sat Aug 15 19:23:52 CST 2026) ===
  Warming up (50 batches)...
  Generating randomized block order...
  Collecting measurements (200 batches per framework)...
    Progress: 50/400 batches (noir: 25, gpui: 25)
    Progress: 100/400 batches (noir: 50, gpui: 50)
    Progress: 150/400 batches (noir: 75, gpui: 75)
    Progress: 200/400 batches (noir: 100, gpui: 100)
    Progress: 250/400 batches (noir: 125, gpui: 125)
    Progress: 300/400 batches (noir: 150, gpui: 150)
    Progress: 350/400 batches (noir: 175, gpui: 175)
    Progress: 400/400 batches (noir: 200, gpui: 200)
  Completed session-01: noir=200 batches, gpui=200 batches
  Cooling down for 60 seconds...
=== Starting session-02 (Sat Aug 15 19:42:08 CST 2026) ===
  Warming up (50 batches)...
  Generating randomized block order...
  Collecting measurements (200 batches per framework)...
    Progress: 50/400 batches (noir: 25, gpui: 25)
    Progress: 100/400 batches (noir: 50, gpui: 50)
    Progress: 150/400 batches (noir: 75, gpui: 75)
    Progress: 200/400 batches (noir: 100, gpui: 100)
    Progress: 250/400 batches (noir: 125, gpui: 125)
    Progress: 300/400 batches (noir: 150, gpui: 150)
    Progress: 350/400 batches (noir: 175, gpui: 175)
    Progress: 400/400 batches (noir: 200, gpui: 200)
  Completed session-02: noir=200 batches, gpui=200 batches
  Cooling down for 60 seconds...
=== Starting session-03 (Sat Aug 15 20:00:30 CST 2026) ===
  Warming up (50 batches)...
  Generating randomized block order...
  Collecting measurements (200 batches per framework)...
    Progress: 50/400 batches (noir: 25, gpui: 25)
    Progress: 100/400 batches (noir: 50, gpui: 50)
    Progress: 150/400 batches (noir: 75, gpui: 75)
    Progress: 200/400 batches (noir: 100, gpui: 100)
    Progress: 250/400 batches (noir: 125, gpui: 125)
    Progress: 300/400 batches (noir: 150, gpui: 150)
    Progress: 350/400 batches (noir: 175, gpui: 175)
    Progress: 400/400 batches (noir: 200, gpui: 200)
  Completed session-03: noir=200 batches, gpui=200 batches
  Cooling down for 60 seconds...
=== Starting session-04 (Sat Aug 15 20:18:53 CST 2026) ===
  Warming up (50 batches)...
  Generating randomized block order...
  Collecting measurements (200 batches per framework)...
    Progress: 50/400 batches (noir: 25, gpui: 25)
    Progress: 100/400 batches (noir: 50, gpui: 50)
    Progress: 150/400 batches (noir: 75, gpui: 75)
    Progress: 200/400 batches (noir: 100, gpui: 100)
    Progress: 250/400 batches (noir: 125, gpui: 125)
    Progress: 300/400 batches (noir: 150, gpui: 150)
    Progress: 350/400 batches (noir: 175, gpui: 175)
    Progress: 400/400 batches (noir: 200, gpui: 200)
  Completed session-04: noir=200 batches, gpui=200 batches
  Cooling down for 60 seconds...
=== Starting session-05 (Sat Aug 15 20:46:38 CST 2026) ===
  Warming up (50 batches)...
  Generating randomized block order...
  Collecting measurements (200 batches per framework)...
    Progress: 50/400 batches (noir: 25, gpui: 25)
    Progress: 100/400 batches (noir: 50, gpui: 50)
    Progress: 150/400 batches (noir: 75, gpui: 75)
    Progress: 200/400 batches (noir: 100, gpui: 100)
    Progress: 250/400 batches (noir: 125, gpui: 125)
    Progress: 300/400 batches (noir: 150, gpui: 150)
    Progress: 350/400 batches (noir: 175, gpui: 175)
    Progress: 400/400 batches (noir: 200, gpui: 200)
  Completed session-05: noir=200 batches, gpui=200 batches
=== All sessions completed (Sat Aug 15 21:36:18 CST 2026) ===
